Microchip MPLAB XC8 Compiler V2.45

Linker command line:

-W-3 \
  --edf=C:\Program Files\Microchip\xc8\v2.45\pic\dat\20230818022343_en.msgs \
  -pivt0x8=08h -cn -h+dist/default/production\BRT_monitoring.production.sym \
  --cmf=dist/default/production\BRT_monitoring.production.cmf -z -Q18F47Q83 \
  -oC:\Users\casbo\AppData\Local\Temp\xcAspb8.\driver_tmp_3.o \
  --defsym=__MPLAB_BUILD=1 --fixupoverflow=error \
  -Mdist/default/production/BRT_monitoring.production.map \
  --md=C:\Users\casbo\AppData\Local\Temp\xcAspb8.\driver_tmp_0.dat -E1 \
  -ver=XC8 Compiler --acfsm=1493 -ACODE=00h-01FFFFh -ACONST=00h-01FFFFh \
  -ASMALLCONST=03700h-037FFhx457 \
  -AMEDIUMCONST=03700h-0FFFFh,013700h-01FFFFh -ACOMRAM=0501h-055Fh \
  -AABS1=0500h-036FFh -ABIGRAM=0501h-036FFh \
  -ARAM=0560h-05FFh,0600h-06FFhx49 -ABANK5=0560h-05FFh -ABANK6=0600h-06FFh \
  -ABANK7=0700h-07FFh -ABANK8=0800h-08FFh -ABANK9=0900h-09FFh \
  -ABANK10=0A00h-0AFFh -ABANK11=0B00h-0BFFh -ABANK12=0C00h-0CFFh \
  -ABANK13=0D00h-0DFFh -ABANK14=0E00h-0EFFh -ABANK15=0F00h-0FFFh \
  -ABANK16=01000h-010FFh -ABANK17=01100h-011FFh -ABANK18=01200h-012FFh \
  -ABANK19=01300h-013FFh -ABANK20=01400h-014FFh -ABANK21=01500h-015FFh \
  -ABANK22=01600h-016FFh -ABANK23=01700h-017FFh -ABANK24=01800h-018FFh \
  -ABANK25=01900h-019FFh -ABANK26=01A00h-01AFFh -ABANK27=01B00h-01BFFh \
  -ABANK28=01C00h-01CFFh -ABANK29=01D00h-01DFFh -ABANK30=01E00h-01EFFh \
  -ABANK31=01F00h-01FFFh -ABANK32=02000h-020FFh -ABANK33=02100h-021FFh \
  -ABANK34=02200h-022FFh -ABANK35=02300h-023FFh -ABANK36=02400h-024FFh \
  -ABANK37=02500h-025FFh -ABANK38=02600h-026FFh -ABANK39=02700h-027FFh \
  -ABANK40=02800h-028FFh -ABANK41=02900h-029FFh -ABANK42=02A00h-02AFFh \
  -ABANK43=02B00h-02BFFh -ABANK44=02C00h-02CFFh -ABANK45=02D00h-02DFFh \
  -ABANK46=02E00h-02EFFh -ABANK47=02F00h-02FFFh -ABANK48=03000h-030FFh \
  -ABANK49=03100h-031FFh -ABANK50=03200h-032FFh -ABANK51=03300h-033FFh \
  -ABANK52=03400h-034FFh -ABANK53=03500h-035FFh -ABANK54=03600h-036FFh \
  -ASFR=00h-0FFhx4,0400h-045Fh,0460h-04FFh,03700h-037FFhx9 \
  -ABIGSFR=00h-04FFh,03700h-03FFFh -ACONFIG=0300000h-0300023h \
  -AIDLOC=0200000h-020003Fh -AEEDATA=0380000h-03803FFh -peeprom_data=EEDATA \
  -preset_vec=00h -ppowerup=CODE,init -pramtop=03700h \
  -psmallconst=SMALLCONST -pmediumconst=MEDIUMCONST -pconst=CONST \
  -AFARRAM=00h-00h \
  -prdata=COMRAM,nvrram=COMRAM,nvbit=COMRAM,rbss=COMRAM,rbit=COMRAM \
  -pfarbss=FARRAM,fardata=FARRAM,nvFARRAM=FARRAM \
  -pintsave_regs=BIGRAM,bigbss=BIGRAM,bigdata=BIGRAM -pbss=RAM \
  -pidata=CODE,irdata=CODE,ibigdata=CODE,ifardata=CODE -prparam=COMRAM \
  C:\Users\casbo\AppData\Local\Temp\xcAspb8.\driver_tmp_14.o \
  dist/default/production\BRT_monitoring.production.o 

Object code version is 3.11

Machine type is 18F47Q83



                Name                               Link     Load   Length Selector   Space Scale
C:\Users\casbo\AppData\Local\Temp\xcAspb8.\driver_tmp_14.o
                config                           300000   300000       1F        0       4
                init                                 1A       1A        4        4       0
                reset_vec                             0        0        4        0       0
dist/default/production\BRT_monitoring.production.o
                config                           300000   300000       1F        0       4
                smallconst                         3700     3700       76     1B80       0
                ivt0x8                                8        8       12        4       0
                text23                             466E     466E        2     2153       0
                text22                             466C     466C        2     2153       0
                text21                             466A     466A        2     2153       0
                text20                             405C     405C       C6     1BBB       0
                text19                             464C     464C       16     2153       0
                text18                             4662     4662        6     2153       0
                text17                             45EC     45EC       26     2153       0
                text16                             4634     4634       18     2153       0
                text15                             43CA     43CA       6E     2153       0
                text14                             4612     4612       22     2153       0
                text13                             4122     4122       C4     1BBB       0
                text12                             42A6     42A6       B0     2153       0
                text11                             4356     4356       74     2153       0
                text10                             4438     4438       64     2153       0
                text9                              45B8     45B8       34     2153       0
                text8                              4668     4668        2     2153       0
                text7                              3F92     3F92       CA     1BBB       0
                text6                              3776     3776      4AC     1BBB       0
                text5                              44EC     44EC       4E     2153       0
                text4                              453A     453A       48     2153       0
                text3                              4582     4582       36     2153       0
                text2                              3EAE     3EAE       E4     1BBB       0
                text1                              3C22     3C22      1A8     1BBB       0
                text0                              3DCA     3DCA       E4     1BBB       0
                cstackCOMRAM                        501      501       5B      501       1
                cstackBANK5                         560      560       9A      560       1
                cstackBANK6                         600      600      100      600       1
                cstackBANK7                         7F4      7F4        2      700       1
                cstackBANK8                         800      800        B      800       1
                dataBANK7                           700      700       BF      700       1
                bssBANK7                            7BF      7BF       35      700       1
                bssBANK5                            5FA      5FA        6      560       1
                bssCOMRAM                           55C      55C        1      501       1
                cinit                              449C     449C       50     2153       0
                idataBANK7                         41E6     41E6       BF     1BBB       0

TOTAL           Name                               Link     Load   Length     Space
        CLASS   CODE           
                init                                 1A       1A        4         0
                reset_vec                             0        0        4         0
                ivt0x8                                8        8       12         0
                text23                             466E     466E        2         0
                text22                             466C     466C        2         0
                text21                             466A     466A        2         0
                text20                             405C     405C       C6         0
                text19                             464C     464C       16         0
                text18                             4662     4662        6         0
                text17                             45EC     45EC       26         0
                text16                             4634     4634       18         0
                text15                             43CA     43CA       6E         0
                text14                             4612     4612       22         0
                text13                             4122     4122       C4         0
                text12                             42A6     42A6       B0         0
                text11                             4356     4356       74         0
                text10                             4438     4438       64         0
                text9                              45B8     45B8       34         0
                text8                              4668     4668        2         0
                text7                              3F92     3F92       CA         0
                text6                              3776     3776      4AC         0
                text5                              44EC     44EC       4E         0
                text4                              453A     453A       48         0
                text3                              4582     4582       36         0
                text2                              3EAE     3EAE       E4         0
                text1                              3C22     3C22      1A8         0
                text0                              3DCA     3DCA       E4         0
                cinit                              449C     449C       50         0
                idataBANK7                         41E6     41E6       BF         0

        CLASS   CONST          

        CLASS   SMALLCONST     
                smallconst                         3700     3700       76         0

        CLASS   MEDIUMCONST    

        CLASS   COMRAM         
                cstackCOMRAM                        501      501       5B         1
                bssCOMRAM                           55C      55C        1         1

        CLASS   ABS1           

        CLASS   BIGRAM         

        CLASS   RAM            

        CLASS   BANK5          
                cstackBANK5                         560      560       9A         1
                bssBANK5                            5FA      5FA        6         1

        CLASS   BANK6          
                cstackBANK6                         600      600      100         1

        CLASS   BANK7          
                cstackBANK7                         7F4      7F4        2         1
                dataBANK7                           700      700       BF         1
                bssBANK7                            7BF      7BF       35         1

        CLASS   BANK8          
                cstackBANK8                         800      800        B         1

        CLASS   BANK9          

        CLASS   BANK10         

        CLASS   BANK11         

        CLASS   BANK12         

        CLASS   BANK13         

        CLASS   BANK14         

        CLASS   BANK15         

        CLASS   BANK16         

        CLASS   BANK17         

        CLASS   BANK18         

        CLASS   BANK19         

        CLASS   BANK20         

        CLASS   BANK21         

        CLASS   BANK22         

        CLASS   BANK23         

        CLASS   BANK24         

        CLASS   BANK25         

        CLASS   BANK26         

        CLASS   BANK27         

        CLASS   BANK28         

        CLASS   BANK29         

        CLASS   BANK30         

        CLASS   BANK31         

        CLASS   BANK32         

        CLASS   BANK33         

        CLASS   BANK34         

        CLASS   BANK35         

        CLASS   BANK36         

        CLASS   BANK37         

        CLASS   BANK38         

        CLASS   BANK39         

        CLASS   BANK40         

        CLASS   BANK41         

        CLASS   BANK42         

        CLASS   BANK43         

        CLASS   BANK44         

        CLASS   BANK45         

        CLASS   BANK46         

        CLASS   BANK47         

        CLASS   BANK48         

        CLASS   BANK49         

        CLASS   BANK50         

        CLASS   BANK51         

        CLASS   BANK52         

        CLASS   BANK53         

        CLASS   BANK54         

        CLASS   SFR            

        CLASS   BIGSFR         

        CLASS   CONFIG         
                config                           300000   300000       1F         4

        CLASS   IDLOC          

        CLASS   EEDATA         

        CLASS   FARRAM         

        CLASS   HEAP           

        CLASS   STACK          



SEGMENTS        Name                           Load    Length   Top    Selector   Space  Class

                reset_vec                      000000  000004  000004         0       0  CODE    
                ivt0x8                         000008  000016  00001E         4       0  CODE    
                cstackCOMRAM                   000501  00005C  00055D       501       1  COMRAM  
                cstackBANK5                    000560  0000A0  000600       560       1  BANK5   
                cstackBANK6                    000600  000100  000700       600       1  BANK6   
                dataBANK7                      000700  0000F6  0007F6       700       1  BANK7   
                cstackBANK8                    000800  00000B  00080B       800       1  BANK8   
                smallconst                     003700  000076  003776      1B80       0  SMALLCON
                text6                          003776  000B2F  0042A5      1BBB       0  CODE    
                text12                         0042A6  0003CA  004670      2153       0  CODE    


UNUSED ADDRESS RANGES

        Name                Unused          Largest block    Delta
        BANK10           000A00-000AFF              100
        BANK11           000B00-000BFF              100
        BANK12           000C00-000CFF              100
        BANK13           000D00-000DFF              100
        BANK14           000E00-000EFF              100
        BANK15           000F00-000FFF              100
        BANK16           001000-0010FF              100
        BANK17           001100-0011FF              100
        BANK18           001200-0012FF              100
        BANK19           001300-0013FF              100
        BANK20           001400-0014FF              100
        BANK21           001500-0015FF              100
        BANK22           001600-0016FF              100
        BANK23           001700-0017FF              100
        BANK24           001800-0018FF              100
        BANK25           001900-0019FF              100
        BANK26           001A00-001AFF              100
        BANK27           001B00-001BFF              100
        BANK28           001C00-001CFF              100
        BANK29           001D00-001DFF              100
        BANK30           001E00-001EFF              100
        BANK31           001F00-001FFF              100
        BANK32           002000-0020FF              100
        BANK33           002100-0021FF              100
        BANK34           002200-0022FF              100
        BANK35           002300-0023FF              100
        BANK36           002400-0024FF              100
        BANK37           002500-0025FF              100
        BANK38           002600-0026FF              100
        BANK39           002700-0027FF              100
        BANK40           002800-0028FF              100
        BANK41           002900-0029FF              100
        BANK42           002A00-002AFF              100
        BANK43           002B00-002BFF              100
        BANK44           002C00-002CFF              100
        BANK45           002D00-002DFF              100
        BANK46           002E00-002EFF              100
        BANK47           002F00-002FFF              100
        BANK48           003000-0030FF              100
        BANK49           003100-0031FF              100
        BANK50           003200-0032FF              100
        BANK51           003300-0033FF              100
        BANK52           003400-0034FF              100
        BANK53           003500-0035FF              100
        BANK54           003600-0036FF              100
        BANK7            0007F6-0007FF                A
        BANK8            00080B-0008FF               F5
        BANK9            000900-0009FF              100
        BIGRAM           00055D-00055F                3
                         0007F6-0007FF                A
                         00080B-0036FF             2EF5
        BIGSFR           000000-0004FF              500
                         003700-003FFF              900
        CODE             000004-000007                4
                         00001E-0036FF             36E2
                         0042A5-0042A5                1
                         004670-01FFFF            1B990
        COMRAM           00055D-00055F                3
        CONFIG           30001F-300023                5
        CONST            000004-000007                4
                         00001E-0036FF             36E2
                         0042A5-0042A5                1
                         004670-01FFFF            1B990
        EEDATA           380000-3803FF              400
        IDLOC            200000-20003F               40
        MEDIUMCONST      0042A5-0042A5                1
                         004670-00FFFF             B990
                         013700-01FFFF             C900
        RAM              0007F6-0007FF                A
                         00080B-0036FF              100
        SFR              000000-0004FF              100
                         003700-003FFF              100
        SMALLCONST       0042A5-0042A5                1
                         004670-01FFFF              100

                                  Symbol Table

?___awdiv                           cstackCOMRAM 000503
?___awmod                           cstackCOMRAM 000503
?___lwdiv                           cstackCOMRAM 000503
?___lwmod                           cstackCOMRAM 000503
?___wmul                            cstackCOMRAM 000503
?_abs                               cstackCOMRAM 000509
?_sprintf                           cstackCOMRAM 000524
?_strlen                            cstackCOMRAM 000503
?_vfprintf                          cstackCOMRAM 00051E
IVTBASEH                            (abs)        00045E
IVTBASEL                            (abs)        00045D
IVTBASEU                            (abs)        00045F
_ANSELA                             (abs)        000400
_ANSELB                             (abs)        000408
_ANSELC                             (abs)        000410
_ANSELD                             (abs)        000418
_ANSELE                             (abs)        000420
_C1CONH                             (abs)        000101
_C1CONHbits                         (abs)        000101
_C1CONL                             (abs)        000100
_C1CONTbits                         (abs)        000103
_C1CONU                             (abs)        000102
_C1CONUbits                         (abs)        000102
_C1FIFOBA                           (abs)        00014C
_C1INTHbits                         (abs)        00011D
_C1INTTbits                         (abs)        00011F
_C1NBTCFGH                          (abs)        000105
_C1NBTCFGL                          (abs)        000104
_C1NBTCFGT                          (abs)        000107
_C1NBTCFGU                          (abs)        000106
_C1TRECUbits                        (abs)        000136
_C1TXQCONL                          (abs)        000150
_INLVLA                             (abs)        000404
_INLVLB                             (abs)        00040C
_INLVLC                             (abs)        000414
_INLVLD                             (abs)        00041C
_INLVLE                             (abs)        000424
_INTCON0bits                        (abs)        0004D6
_INTERRUPT_InterruptManager         text20       00405C
_LATA                               (abs)        0004BE
_LATB                               (abs)        0004BF
_LATC                               (abs)        0004C0
_LATD                               (abs)        0004C1
_LATE                               (abs)        0004C2
_ODCONA                             (abs)        000402
_ODCONB                             (abs)        00040A
_ODCONC                             (abs)        000412
_ODCOND                             (abs)        00041A
_ODCONE                             (abs)        000422
_OSCCON1                            (abs)        0000AD
_OSCCON3                            (abs)        0000AF
_OSCEN                              (abs)        0000B3
_OSCFRQ                             (abs)        0000B1
_OSCTUNE                            (abs)        0000B0
_PIE3bits                           (abs)        0004A1
_PIR3bits                           (abs)        0004B1
_PMD0                               (abs)        000060
_PMD1                               (abs)        000061
_PMD2                               (abs)        000062
_PMD3                               (abs)        000063
_PMD4                               (abs)        000064
_PMD5                               (abs)        000065
_PMD6                               (abs)        000066
_PMD7                               (abs)        000067
_PMD8                               (abs)        000068
_PORTB                              (abs)        0004CF
_RC3PPS                             (abs)        000214
_SLRCONA                            (abs)        000403
_SLRCONB                            (abs)        00040B
_SLRCONC                            (abs)        000413
_SLRCOND                            (abs)        00041B
_SLRCONE                            (abs)        000423
_SPI1BAUD                           (abs)        000089
_SPI1CLK                            (abs)        00008C
_SPI1CON0                           (abs)        000084
_SPI1CON0bits                       (abs)        000084
_SPI1CON1                           (abs)        000085
_SPI1CON2                           (abs)        000086
_SPI1RXB                            (abs)        000080
_SPI1SCKPPS                         (abs)        00026A
_SPI1SDIPPS                         (abs)        00026B
_SPI1TCNTL                          (abs)        000082
_SPI1TXB                            (abs)        000081
_SPI1_DefaultHandler                text23       00466E
_SPI1_DefaultRxHandler              text22       00466C
_SPI1_DefaultTxHandler              text21       00466A
_SPI1_InterruptHandler              bssBANK5     0005FD
_SPI1_RxInterruptHandler            bssBANK5     0005FA
_SPI1_TxInterruptHandler            bssBANK7     0007EA
_State                              bssBANK7     0007F3
_TRISA                              (abs)        0004C6
_TRISB                              (abs)        0004C7
_TRISC                              (abs)        0004C8
_TRISCbits                          (abs)        0004C8
_TRISD                              (abs)        0004C9
_TRISE                              (abs)        0004CA
_U5BRG                              (abs)        0002FA
_U5CON0                             (abs)        0002F7
_U5CON1                             (abs)        0002F8
_U5FIFO                             (abs)        0002FC
_U5TXB                              (abs)        0002EF
_WPUA                               (abs)        000401
_WPUB                               (abs)        000409
_WPUC                               (abs)        000411
_WPUD                               (abs)        000419
_WPUE                               (abs)        000421
__HRAM                              (abs)        000000
__H__absolute__                     __absolute__ 000000
__Habs1                             abs1         000000
__Hbank10                           bank10       000000
__Hbank11                           bank11       000000
__Hbank12                           bank12       000000
__Hbank13                           bank13       000000
__Hbank14                           bank14       000000
__Hbank15                           bank15       000000
__Hbank16                           bank16       000000
__Hbank17                           bank17       000000
__Hbank18                           bank18       000000
__Hbank19                           bank19       000000
__Hbank20                           bank20       000000
__Hbank21                           bank21       000000
__Hbank22                           bank22       000000
__Hbank23                           bank23       000000
__Hbank24                           bank24       000000
__Hbank25                           bank25       000000
__Hbank26                           bank26       000000
__Hbank27                           bank27       000000
__Hbank28                           bank28       000000
__Hbank29                           bank29       000000
__Hbank30                           bank30       000000
__Hbank31                           bank31       000000
__Hbank32                           bank32       000000
__Hbank33                           bank33       000000
__Hbank34                           bank34       000000
__Hbank35                           bank35       000000
__Hbank36                           bank36       000000
__Hbank37                           bank37       000000
__Hbank38                           bank38       000000
__Hbank39                           bank39       000000
__Hbank40                           bank40       000000
__Hbank41                           bank41       000000
__Hbank42                           bank42       000000
__Hbank43                           bank43       000000
__Hbank44                           bank44       000000
__Hbank45                           bank45       000000
__Hbank46                           bank46       000000
__Hbank47                           bank47       000000
__Hbank48                           bank48       000000
__Hbank49                           bank49       000000
__Hbank5                            bank5        000000
__Hbank50                           bank50       000000
__Hbank51                           bank51       000000
__Hbank52                           bank52       000000
__Hbank53                           bank53       000000
__Hbank54                           bank54       000000
__Hbank6                            bank6        000000
__Hbank7                            bank7        000000
__Hbank8                            bank8        000000
__Hbank9                            bank9        000000
__Hbigbss                           bigbss       000000
__Hbigdata                          bigdata      000000
__Hbigram                           bigram       000000
__Hbigsfr                           bigsfr       000000
__Hbss                              bss          000000
__HbssBANK5                         bssBANK5     000000
__HbssBANK7                         bssBANK7     000000
__HbssCOMRAM                        bssCOMRAM    000000
__Hcinit                            cinit        000000
__Hclrtext                          clrtext      000000
__Hcomram                           comram       000000
__Hconfig                           config       30001F
__Hconst                            const        000000
__HcstackBANK5                      cstackBANK5  000000
__HcstackBANK6                      cstackBANK6  000000
__HcstackBANK7                      cstackBANK7  000000
__HcstackBANK8                      cstackBANK8  000000
__HcstackCOMRAM                     cstackCOMRAM 000000
__Hdata                             data         000000
__HdataBANK7                        dataBANK7    000000
__Heeprom_data                      eeprom_data  000000
__Hfarbss                           farbss       000000
__Hfardata                          fardata      000000
__Hheap                             heap         000000
__Hibigdata                         ibigdata     000000
__Hidata                            idata        000000
__HidataBANK7                       idataBANK7   000000
__Hidloc                            idloc        000000
__Hifardata                         ifardata     000000
__Hinit                             init         00001E
__Hintsave_regs                     intsave_regs 000000
__Hirdata                           irdata       000000
__Hivt0x8                           ivt0x8       00001A
__Hmediumconst                      mediumconst  000000
__HnvFARRAM                         nvFARRAM     000000
__Hnvbit                            nvbit        000000
__Hnvrram                           nvrram       000000
__Hparam                            rparam       000000
__Hpowerup                          powerup      000000
__Hram                              ram          000000
__Hramtop                           ramtop       003700
__Hrbit                             rbit         000000
__Hrbss                             rbss         000000
__Hrdata                            rdata        000000
__Hreset_vec                        reset_vec    000004
__Hrparam                           rparam       000000
__Hsfr                              sfr          000000
__Hsmallconst                       smallconst   003776
__Hspace_0                          (abs)        004670
__Hspace_1                          (abs)        00080B
__Hspace_2                          (abs)        000000
__Hspace_4                          (abs)        60001F
__Hstack                            stack        000000
__Hstruct                           struct       000000
__Htemp                             temp         000000
__Htext                             text         000000
__Htext0                            text0        000000
__Htext1                            text1        000000
__Htext10                           text10       000000
__Htext11                           text11       000000
__Htext12                           text12       000000
__Htext13                           text13       000000
__Htext14                           text14       000000
__Htext15                           text15       000000
__Htext16                           text16       000000
__Htext17                           text17       000000
__Htext18                           text18       000000
__Htext19                           text19       000000
__Htext2                            text2        000000
__Htext20                           text20       000000
__Htext21                           text21       000000
__Htext22                           text22       000000
__Htext23                           text23       000000
__Htext24                           text24       000000
__Htext3                            text3        000000
__Htext4                            text4        000000
__Htext5                            text5        000000
__Htext6                            text6        000000
__Htext7                            text7        000000
__Htext8                            text8        000000
__Htext9                            text9        000000
__LRAM                              (abs)        000001
__L__absolute__                     __absolute__ 000000
__Labs1                             abs1         000000
__Lbank10                           bank10       000000
__Lbank11                           bank11       000000
__Lbank12                           bank12       000000
__Lbank13                           bank13       000000
__Lbank14                           bank14       000000
__Lbank15                           bank15       000000
__Lbank16                           bank16       000000
__Lbank17                           bank17       000000
__Lbank18                           bank18       000000
__Lbank19                           bank19       000000
__Lbank20                           bank20       000000
__Lbank21                           bank21       000000
__Lbank22                           bank22       000000
__Lbank23                           bank23       000000
__Lbank24                           bank24       000000
__Lbank25                           bank25       000000
__Lbank26                           bank26       000000
__Lbank27                           bank27       000000
__Lbank28                           bank28       000000
__Lbank29                           bank29       000000
__Lbank30                           bank30       000000
__Lbank31                           bank31       000000
__Lbank32                           bank32       000000
__Lbank33                           bank33       000000
__Lbank34                           bank34       000000
__Lbank35                           bank35       000000
__Lbank36                           bank36       000000
__Lbank37                           bank37       000000
__Lbank38                           bank38       000000
__Lbank39                           bank39       000000
__Lbank40                           bank40       000000
__Lbank41                           bank41       000000
__Lbank42                           bank42       000000
__Lbank43                           bank43       000000
__Lbank44                           bank44       000000
__Lbank45                           bank45       000000
__Lbank46                           bank46       000000
__Lbank47                           bank47       000000
__Lbank48                           bank48       000000
__Lbank49                           bank49       000000
__Lbank5                            bank5        000000
__Lbank50                           bank50       000000
__Lbank51                           bank51       000000
__Lbank52                           bank52       000000
__Lbank53                           bank53       000000
__Lbank54                           bank54       000000
__Lbank6                            bank6        000000
__Lbank7                            bank7        000000
__Lbank8                            bank8        000000
__Lbank9                            bank9        000000
__Lbigbss                           bigbss       000000
__Lbigdata                          bigdata      000000
__Lbigram                           bigram       000000
__Lbigsfr                           bigsfr       000000
__Lbss                              bss          000000
__LbssBANK5                         bssBANK5     000000
__LbssBANK7                         bssBANK7     000000
__LbssCOMRAM                        bssCOMRAM    000000
__Lcinit                            cinit        000000
__Lclrtext                          clrtext      000000
__Lcomram                           comram       000000
__Lconfig                           config       000000
__Lconst                            const        000000
__LcstackBANK5                      cstackBANK5  000000
__LcstackBANK6                      cstackBANK6  000000
__LcstackBANK7                      cstackBANK7  000000
__LcstackBANK8                      cstackBANK8  000000
__LcstackCOMRAM                     cstackCOMRAM 000000
__Ldata                             data         000000
__LdataBANK7                        dataBANK7    000000
__Leeprom_data                      eeprom_data  000000
__Lfarbss                           farbss       000000
__Lfardata                          fardata      000000
__Lheap                             heap         000000
__Libigdata                         ibigdata     000000
__Lidata                            idata        000000
__LidataBANK7                       idataBANK7   000000
__Lidloc                            idloc        000000
__Lifardata                         ifardata     000000
__Linit                             init         00001A
__Lintsave_regs                     intsave_regs 000000
__Lirdata                           irdata       000000
__Livt0x8                           ivt0x8       000008
__Lmediumconst                      mediumconst  000000
__LnvFARRAM                         nvFARRAM     000000
__Lnvbit                            nvbit        000000
__Lnvrram                           nvrram       000000
__Lparam                            rparam       000000
__Lpowerup                          powerup      000000
__Lram                              ram          000000
__Lramtop                           ramtop       003700
__Lrbit                             rbit         000000
__Lrbss                             rbss         000000
__Lrdata                            rdata        000000
__Lreset_vec                        reset_vec    000000
__Lrparam                           rparam       000000
__Lsfr                              sfr          000000
__Lsmallconst                       smallconst   003700
__Lspace_0                          (abs)        000000
__Lspace_1                          (abs)        000000
__Lspace_2                          (abs)        000000
__Lspace_4                          (abs)        000000
__Lstack                            stack        000000
__Lstruct                           struct       000000
__Ltemp                             temp         000000
__Ltext                             text         000000
__Ltext0                            text0        000000
__Ltext1                            text1        000000
__Ltext10                           text10       000000
__Ltext11                           text11       000000
__Ltext12                           text12       000000
__Ltext13                           text13       000000
__Ltext14                           text14       000000
__Ltext15                           text15       000000
__Ltext16                           text16       000000
__Ltext17                           text17       000000
__Ltext18                           text18       000000
__Ltext19                           text19       000000
__Ltext2                            text2        000000
__Ltext20                           text20       000000
__Ltext21                           text21       000000
__Ltext22                           text22       000000
__Ltext23                           text23       000000
__Ltext24                           text24       000000
__Ltext3                            text3        000000
__Ltext4                            text4        000000
__Ltext5                            text5        000000
__Ltext6                            text6        000000
__Ltext7                            text7        000000
__Ltext8                            text8        000000
__Ltext9                            text9        000000
__S0                                (abs)        004670
__S1                                (abs)        00080B
__S4                                (abs)        000000
__S5                                (abs)        000000
___awdiv                            text13       004122
___awdiv@counter                    cstackCOMRAM 000507
___awdiv@dividend                   cstackCOMRAM 000503
___awdiv@divisor                    cstackCOMRAM 000505
___awdiv@quotient                   cstackCOMRAM 000509
___awdiv@sign                       cstackCOMRAM 000508
___awmod                            text12       0042A6
___awmod@counter                    cstackCOMRAM 000507
___awmod@dividend                   cstackCOMRAM 000503
___awmod@divisor                    cstackCOMRAM 000505
___awmod@sign                       cstackCOMRAM 000508
___heap_hi                          (abs)        000000
___heap_lo                          (abs)        000000
___inthi_sp                         stack        000000
___inthi_stack_hi                   stack        000000
___inthi_stack_lo                   stack        000000
___intlo_sp                         stack        000000
___intlo_stack_hi                   stack        000000
___intlo_stack_lo                   stack        000000
___lwdiv                            text11       004356
___lwdiv@counter                    cstackCOMRAM 000507
___lwdiv@dividend                   cstackCOMRAM 000503
___lwdiv@divisor                    cstackCOMRAM 000505
___lwdiv@quotient                   cstackCOMRAM 000508
___lwmod                            text10       004438
___lwmod@counter                    cstackCOMRAM 000507
___lwmod@dividend                   cstackCOMRAM 000503
___lwmod@divisor                    cstackCOMRAM 000505
___param_bank                       (abs)        000000
___rparam_used                      (abs)        000001
___sp                               stack        000000
___stack_hi                         stack        000000
___stack_lo                         stack        000000
___wmul                             text17       0045EC
___wmul@multiplicand                cstackCOMRAM 000505
___wmul@multiplier                  cstackCOMRAM 000503
___wmul@product                     cstackCOMRAM 000507
__accesstop                         (abs)        000560
__activetblptr                      (abs)        000003
__end_of_DLC_BYTES                  smallconst   00370A
__end_of_FIFO                       smallconst   003711
__end_of_INTERRUPT_InterruptManager text20       004122
__end_of_SPI1_DefaultHandler        text23       004670
__end_of_SPI1_DefaultRxHandler      text22       00466E
__end_of_SPI1_DefaultTxHandler      text21       00466C
__end_of___awdiv                    text13       0041E6
__end_of___awmod                    text12       004356
__end_of___lwdiv                    text11       0043CA
__end_of___lwmod                    text10       00449C
__end_of___wmul                     text17       004612
__end_of__initialization            cinit        0044E6
__end_of_abs                        text9        0045EC
__end_of_fputc                      text7        00405C
__end_of_main                       text0        003EAE
__end_of_print                      text15       004438
__end_of_printLn                    text14       004634
__end_of_putch                      text8        00466A
__end_of_setPostData                text2        003F92
__end_of_setupPic                   text18       004668
__end_of_setupUART                  text19       004662
__end_of_spi1_configuration         smallconst   00370F
__end_of_sprintf                    text4        004582
__end_of_strlen                     text3        0045B8
__end_of_transmit                   text16       00464C
__end_of_transmitData               text1        003DCA
__end_of_vfpfcnvrt                  text6        003C22
__end_of_vfprintf                   text5        00453A
__initialization                    cinit        00449C
__mediumconst                       mediumconst  000000
__pbssBANK5                         bssBANK5     0005FA
__pbssBANK7                         bssBANK7     0007BF
__pbssCOMRAM                        bssCOMRAM    00055C
__pcinit                            cinit        00449C
__pcstackBANK5                      cstackBANK5  000560
__pcstackBANK6                      cstackBANK6  000600
__pcstackBANK7                      cstackBANK7  0007F4
__pcstackBANK8                      cstackBANK8  000800
__pcstackCOMRAM                     cstackCOMRAM 000501
__pdataBANK7                        dataBANK7    000700
__pidataBANK7                       idataBANK7   0041E6
__pivt0x8                           ivt0x8       000008
__psmallconst                       smallconst   003700
__ptext0                            text0        003DCA
__ptext1                            text1        003C22
__ptext10                           text10       004438
__ptext11                           text11       004356
__ptext12                           text12       0042A6
__ptext13                           text13       004122
__ptext14                           text14       004612
__ptext15                           text15       0043CA
__ptext16                           text16       004634
__ptext17                           text17       0045EC
__ptext18                           text18       004662
__ptext19                           text19       00464C
__ptext2                            text2        003EAE
__ptext20                           text20       00405C
__ptext21                           text21       00466A
__ptext22                           text22       00466C
__ptext23                           text23       00466E
__ptext24                           text24       000000
__ptext3                            text3        004582
__ptext4                            text4        00453A
__ptext5                            text5        0044EC
__ptext6                            text6        003776
__ptext7                            text7        003F92
__ptext8                            text8        004668
__ptext9                            text9        0045B8
__ramtop                            ramtop       003700
__smallconst                        smallconst   003700
_abs                                text9        0045B8
_dataList                           dataBANK7    0007AD
_dbuf                               bssBANK7     0007BF
_errno                              bssBANK7     0007ED
_flags                              bssCOMRAM    00055C
_fputc                              text7        003F92
_main                               text0        003DCA
_prec                               bssBANK7     0007F1
_print                              text15       0043CA
_printLn                            text14       004612
_putch                              text8        004668
_setPostData                        text2        003EAE
_setupPic                           text18       004662
_setupUART                          text19       00464C
_sim                                bssBANK7     0007DF
_spi1_configuration                 smallconst   00370A
_sprintf                            text4        00453A
_strlen                             text3        004582
_transmit                           text16       004634
_transmitData                       text1        003C22
_vfpfcnvrt                          text6        003776
_vfprintf                           text5        0044EC
_width                              bssBANK7     0007EF
abs@a                               cstackCOMRAM 000509
end_of_initialization               cinit        0044E6
fputc@c                             cstackCOMRAM 000503
fputc@fp                            cstackCOMRAM 000505
intlevel0                           text         000000
intlevel1                           text         000000
intlevel2                           text         000000
intlevel3                           text         000000
isa$std                             (abs)        000001
isa$xinst                           (abs)        000000
ivt0x8_base                         ivt0x8       000008
main@sim                            cstackBANK8  000800
print@i                             cstackCOMRAM 00050E
print@length                        cstackCOMRAM 000509
print@string                        cstackCOMRAM 000507
printLn@length                      cstackCOMRAM 000512
printLn@string                      cstackCOMRAM 000510
setPostData@CanData                 cstackCOMRAM 000539
setPostData@F23932                  dataBANK7    000734
setPostData@F23934                  dataBANK7    0007A8
setPostData@dataSize                cstackBANK5  00056D
setPostData@dataSizeString          cstackBANK5  000565
setPostData@postData                cstackBANK6  000600
setPostData@timeoutString           cstackBANK5  000560
setPostData@token                   cstackCOMRAM 00053B
sprintf@ap                          cstackCOMRAM 00052B
sprintf@f                           cstackCOMRAM 00052D
sprintf@fmt                         cstackCOMRAM 000526
sprintf@s                           cstackCOMRAM 000524
stackhi                             (abs)        000000
stacklo                             (abs)        000000
start                               init         00001A
start_initialization                cinit        00449C
strlen@a                            cstackCOMRAM 000505
strlen@s                            cstackCOMRAM 000503
transmit@byte                       cstackCOMRAM 000503
transmitData@CanData                cstackBANK5  000571
transmitData@F23940                 dataBANK7    000700
transmitData@F23943                 dataBANK7    000791
transmitData@F23945                 dataBANK7    000755
transmitData@F23947                 dataBANK7    000778
transmitData@F23949                 dataBANK7    000768
transmitData@F23951                 dataBANK7    000785
transmitData@data                   cstackBANK5  0005CE
transmitData@dataListLength         cstackBANK5  000573
transmitData@i                      cstackBANK5  0005F8
transmitData@id                     cstackBANK5  0005F3
transmitData@init                   cstackBANK5  0005DB
transmitData@para                   cstackBANK5  0005AB
transmitData@send                   cstackBANK5  0005BE
transmitData@sim                    cstackBANK5  00056F
transmitData@term                   cstackBANK5  0005E7
transmitData@url                    cstackBANK5  000577
updateCoordinates@F23925            dataBANK7    00079D
vfpfcnvrt@ap                        cstackCOMRAM 000511
vfpfcnvrt@c                         cstackCOMRAM 00051D
vfpfcnvrt@convarg                   cstackCOMRAM 000519
vfpfcnvrt@cp                        cstackCOMRAM 000518
vfpfcnvrt@cp_1373                   cstackCOMRAM 000515
vfpfcnvrt@done                      cstackCOMRAM 000517
vfpfcnvrt@fmt                       cstackCOMRAM 00050F
vfpfcnvrt@fp                        cstackCOMRAM 00050D
vfprintf@ap                         cstackCOMRAM 000521
vfprintf@cfmt                       cstackCOMRAM 000523
vfprintf@fmt                        cstackCOMRAM 000520
vfprintf@fp                         cstackCOMRAM 00051E


MODULE INFORMATION

Module		Function		Class		Link	Load	Size
C:\Program Files\Microchip\xc8\v2.45\pic\sources\c99\common\Umul16.c
		___wmul        		CODE           	45EC	0000	38

C:\Program Files\Microchip\xc8\v2.45\pic\sources\c99\common\Umul16.c estimated size: 38

mcc_generated_files/interrupt_manager.c
		_INTERRUPT_InterruptManager		CODE           	405C	0000	198

mcc_generated_files/interrupt_manager.c estimated size: 198

mcc_generated_files/spi1.c
		_SPI1_DefaultRxHandler		CODE           	466C	0000	2
		_SPI1_DefaultTxHandler		CODE           	466A	0000	2
		_SPI1_DefaultHandler		CODE           	466E	0000	2

mcc_generated_files/spi1.c estimated size: 6

./uart.h
		_printLn       		CODE           	4612	0000	34
		_print         		CODE           	43CA	0000	110
		_setupUART     		CODE           	464C	0000	22
		_transmit      		CODE           	4634	0000	24

./uart.h estimated size: 190

C:\Program Files\Microchip\xc8\v2.45\pic\sources\c99\common\nf_sprintf.c
		_sprintf       		CODE           	453A	0000	72

C:\Program Files\Microchip\xc8\v2.45\pic\sources\c99\common\nf_sprintf.c estimated size: 72

C:\Program Files\Microchip\xc8\v2.45\pic\sources\c99\common\lwmod.c
		___lwmod       		CODE           	4438	0000	100

C:\Program Files\Microchip\xc8\v2.45\pic\sources\c99\common\lwmod.c estimated size: 100

C:\Program Files\Microchip\xc8\v2.45\pic\sources\c99\common\awmod.c
		___awmod       		CODE           	42A6	0000	176

C:\Program Files\Microchip\xc8\v2.45\pic\sources\c99\common\awmod.c estimated size: 176

C:\Program Files\Microchip\xc8\v2.45\pic\sources\c99\common\putch.c
		_putch         		CODE           	4668	0000	2

C:\Program Files\Microchip\xc8\v2.45\pic\sources\c99\common\putch.c estimated size: 2

shared
		_FIFO          		SMALLCONST     	0000	0000	0
		_DLC_BYTES     		SMALLCONST     	0000	0000	0
		__initialization		CODE           	449C	0000	74
		_spi1_configuration		SMALLCONST     	370A	0000	5

shared estimated size: 79

C:\Program Files\Microchip\xc8\v2.45\pic\sources\c99\common\abs.c
		_abs           		CODE           	45B8	0000	52

C:\Program Files\Microchip\xc8\v2.45\pic\sources\c99\common\abs.c estimated size: 52

C:\Program Files\Microchip\xc8\v2.45\pic\sources\c99\common\strlen.c
		_strlen        		CODE           	4582	0000	54

C:\Program Files\Microchip\xc8\v2.45\pic\sources\c99\common\strlen.c estimated size: 54

./sim.h
		_setPostData   		CODE           	3EAE	0000	228
		_transmitData  		CODE           	3C22	0000	424

./sim.h estimated size: 652

main.c
		_main          		CODE           	3DCA	0000	228
		_setupPic      		CODE           	4662	0000	6

main.c estimated size: 234

C:\Program Files\Microchip\xc8\v2.45\pic\sources\c99\common\nf_fputc.c
		_fputc         		CODE           	3F92	0000	202

C:\Program Files\Microchip\xc8\v2.45\pic\sources\c99\common\nf_fputc.c estimated size: 202

C:\Program Files\Microchip\xc8\v2.45\pic\sources\c99\common\doprnt.c
		_vfpfcnvrt     		CODE           	3776	0000	1196
		_vfprintf      		CODE           	44EC	0000	78

C:\Program Files\Microchip\xc8\v2.45\pic\sources\c99\common\doprnt.c estimated size: 1274

C:\Program Files\Microchip\xc8\v2.45\pic\sources\c99\common\lwdiv.c
		___lwdiv       		CODE           	4356	0000	116

C:\Program Files\Microchip\xc8\v2.45\pic\sources\c99\common\lwdiv.c estimated size: 116

C:\Program Files\Microchip\xc8\v2.45\pic\sources\c99\common\awdiv.c
		___awdiv       		CODE           	4122	0000	196

C:\Program Files\Microchip\xc8\v2.45\pic\sources\c99\common\awdiv.c estimated size: 196

